
> phase-2-cosmic@0.1.0 lint C:\repos\phase-2-cosmic
> pnpm nx run-many --target=lint --all && pnpm run lint:docker && pnpm run lint:yaml


[7m[1m[36m NX [39m[22m[27m  [36mRunning target [1mlint[22m for 4 projects:[39m

[2m-[22m ui-visualization
[2m-[22m frontend-e2e
[2m-[22m frontend
[2m-[22m ui-theme

[2m[36m[39m[22m

[2m> [22m[2mnx run[22m ui-visualization:lint  [2m[existing outputs match the cache, left as is][22m


Linting "ui-visualization"...

✔ All files pass linting


[2m> [22m[2mnx run[22m ui-theme:lint  [2m[existing outputs match the cache, left as is][22m


Linting "ui-theme"...

✔ All files pass linting


[2m> [22m[2mnx run[22m frontend-e2e:lint  [2m[existing outputs match the cache, left as is][22m


Linting "frontend-e2e"...

✔ All files pass linting


[2m> [22m[2mnx run[22m frontend:lint


Linting "frontend"...
[0m[0m
[0m[4mC:\repos\phase-2-cosmic\apps\frontend\src\app\services\jobs.service.ts[24m[0m
[0m  [2m107:52[22m  [31merror[39m  Unexpected any. Specify a different type  [2m@typescript-eslint/no-explicit-any[22m[0m
[0m[0m
[0m[31m[1m✖ 1 problem (1 error, 0 warnings)[22m[39m[0m
[0m[31m[1m[22m[39m[0m
✖ 1 problem (1 error, 0 warnings)


[2m[31m[39m[22m

[7m[1m[31m NX [39m[22m[27m  [31mRunning target [1mlint[22m for 4 projects failed[39m

[2mFailed tasks:[22m

[2m-[22m frontend:lint


[7m[1m[33m NX [39m[22m[27m  [33mNx Cloud encountered some problems[39m

Invalid Credentials (Personal Access Token): The provided personal access token does not exist or is invalid. (code: 401)

 ELIFECYCLE  Command failed with exit code 1.
