
> phase-2-cosmic@0.1.0 lint C:\repos\phase-2-cosmic
> pnpm nx run-many --target=lint --all && pnpm run lint:docker && pnpm run lint:yaml


[7m[1m[36m NX [39m[22m[27m  [36mRunning target [1mlint[22m for 4 projects:[39m

[2m-[22m ui-visualization
[2m-[22m frontend-e2e
[2m-[22m frontend
[2m-[22m ui-theme

[2m[36m[39m[22m

[2m> [22m[2mnx run[22m ui-visualization:lint  [2m[existing outputs match the cache, left as is][22m


Linting "ui-visualization"...

✔ All files pass linting


[2m> [22m[2mnx run[22m ui-theme:lint  [2m[existing outputs match the cache, left as is][22m


Linting "ui-theme"...

✔ All files pass linting


[2m> [22m[2mnx run[22m frontend-e2e:lint  [2m[existing outputs match the cache, left as is][22m


Linting "frontend-e2e"...

✔ All files pass linting


[2m> [22m[2mnx run[22m frontend:lint


Linting "frontend"...

✔ All files pass linting


[2m[32m[39m[22m

[7m[1m[32m NX [39m[22m[27m  [32mSuccessfully ran target [1mlint[22m for 4 projects[39m

[2mNx read the output from the cache instead of running the command for 3 out of 4 tasks.[22m


[7m[1m[33m NX [39m[22m[27m  [33mNx Cloud encountered some problems[39m

Invalid Credentials (Personal Access Token): The provided personal access token does not exist or is invalid. (code: 401)


> phase-2-cosmic@0.1.0 lint:docker C:\repos\phase-2-cosmic
> node ./scripts/hadolint-runner.js

Found Dockerfiles:
 - C:\repos\phase-2-cosmic\apps\java-governance\Dockerfile
 - C:\repos\phase-2-cosmic\tools\data-generator\Dockerfile
 - C:\repos\phase-2-cosmic\tools\java-ingest\Dockerfile

Running hadolint on C:\repos\phase-2-cosmic\apps\java-governance\Dockerfile

Running hadolint on C:\repos\phase-2-cosmic\tools\data-generator\Dockerfile

Running hadolint on C:\repos\phase-2-cosmic\tools\java-ingest\Dockerfile

hadolint: all Dockerfiles passed

> phase-2-cosmic@0.1.0 lint:yaml C:\repos\phase-2-cosmic
> node ./scripts/yamllint-runner.js

Found YAML files: 16

Running yamllint on .github/workflows/ci-tests.yml

Running yamllint on .github/workflows/e2e.yml

Running yamllint on .github/workflows/maven.yml

Running yamllint on docker/alertmanager.yml

Running yamllint on docker/dev-compose.yml

Running yamllint on docker/grafana/provisioning/dashboards/providers.yaml

Running yamllint on docker/grafana/provisioning/datasources/datasource.yaml

Running yamllint on docker/loki-config.yml

Running yamllint on docker/prometheus.yml

Running yamllint on openapi/governance.yaml

Skipping (generated): pnpm-lock.yaml

Running yamllint on pnpm-workspace.yaml

Running yamllint on tools/data-generator/k8s/deployment.yaml

Running yamllint on tools/data-generator/k8s/hpa.yaml

Running yamllint on tools/java-ingest/src/main/resources/application.yml

Running yamllint on tools/java-ingest/target/classes/application.yml

yamllint: all YAML files passed
