
> phase-2-cosmic@0.1.0 unit-test C:\repos\phase-2-cosmic
> pnpm nx run-many --target=test --all --configuration=ci --parallel=false


[7m[1m[36m NX [39m[22m[27m  [36mRunning target [1mtest[22m for 4 projects:[39m

[2m-[22m ui-visualization
[2m-[22m java-governance
[2m-[22m frontend
[2m-[22m ui-theme

[2m[36m[39m[22m

[2m> [22m[2mnx run[22m ui-visualization:test:ci  [2m[existing outputs match the cache, left as is][22m

[0m[7m[1m[32m PASS [39m[22m[27m[0m [0m[7m[37m ui-visualization [39m[27m[0m [2mlibs/ui-visualization/src/lib/ui-visualization/[22m[1mui-visualization.component.spec.ts[22m
  UiVisualizationComponent
    [32m√[39m [2mshould create (40 ms)[22m

[1mTest Suites: [22m[1m[32m1 passed[39m[22m, 1 total
[1mTests:       [22m[1m[32m1 passed[39m[22m, 1 total
[1mSnapshots:   [22m0 total
[1mTime:[22m        1.517 s
[2mRan all test suites[22m[2m.[22m

[2m> [22m[2mnx run[22m ui-theme:test:ci  [2m[existing outputs match the cache, left as is][22m

[0m[7m[1m[32m PASS [39m[22m[27m[0m [0m[7m[37m ui-theme [39m[27m[0m [2mlibs/ui-theme/src/lib/ui-theme/[22m[1mui-theme.component.spec.ts[22m
  UiThemeComponent
    [32m√[39m [2mshould create (35 ms)[22m

[1mTest Suites: [22m[1m[32m1 passed[39m[22m, 1 total
[1mTests:       [22m[1m[32m1 passed[39m[22m, 1 total
[1mSnapshots:   [22m0 total
[1mTime:[22m        1.5 s
[2mRan all test suites[22m[2m.[22m

[2m> [22m[2mnx run[22m frontend:test:ci  [2m[existing outputs match the cache, left as is][22m

[0m[7m[1m[32m PASS [39m[22m[27m[0m [0m[7m[37m frontend [39m[27m[0m [2mapps/frontend/src/app/features/dashboard/[22m[1mdashboard.component.spec.ts[22m
[0m[7m[1m[32m PASS [39m[22m[27m[0m [0m[7m[37m frontend [39m[27m[0m [2mapps/frontend/src/app/base/footer/[22m[1mfooter.component.spec.ts[22m
[0m[7m[1m[32m PASS [39m[22m[27m[0m [0m[7m[37m frontend [39m[27m[0m [2mapps/frontend/src/app/base/header/[22m[1mheader.component.spec.ts[22m
[0m[7m[1m[32m PASS [39m[22m[27m[0m [0m[7m[37m frontend [39m[27m[0m [2mapps/frontend/src/app/features/landing/[22m[1mlanding.component.spec.ts[22m
[0m[7m[1m[32m PASS [39m[22m[27m[0m [0m[7m[37m frontend [39m[27m[0m [2mapps/frontend/src/app/features/settings/[22m[1msettings.component.spec.ts[22m
[0m[7m[1m[32m PASS [39m[22m[27m[0m [0m[7m[37m frontend [39m[27m[0m [2mapps/frontend/src/app/base/mainstage/[22m[1mmainstage.component.spec.ts[22m
[0m[7m[1m[32m PASS [39m[22m[27m[0m [0m[7m[37m frontend [39m[27m[0m [2mapps/frontend/src/app/base/sidebar/[22m[1msidebar.component.spec.ts[22m
[0m[7m[1m[32m PASS [39m[22m[27m[0m [0m[7m[37m frontend [39m[27m[0m [2mapps/frontend/src/app/[22m[1mapp.component.spec.ts[22m
[0m[7m[1m[32m PASS [39m[22m[27m[0m [0m[7m[37m frontend [39m[27m[0m [2mapps/frontend/src/app/features/topology/[22m[1mtopology.component.spec.ts[22m
[0m[7m[1m[32m PASS [39m[22m[27m[0m [0m[7m[37m frontend [39m[27m[0m [2mapps/frontend/src/app/features/diagnostics/[22m[1mdiagnostics.component.spec.ts[22m
[0m[7m[1m[32m PASS [39m[22m[27m[0m [0m[7m[37m frontend [39m[27m[0m [2mapps/frontend/src/app/shared/promql-card/[22m[1mpromql-card.component.spec.ts[22m
[0m[7m[1m[32m PASS [39m[22m[27m[0m [0m[7m[37m frontend [39m[27m[0m [2mapps/frontend/src/app/features/viewer/[22m[1mviewer.component.spec.ts[22m
  [1m● [22mConsole

    [2mconsole.debug[22m
      [Viewer] initViewer container bounds 0 0
[2m[22m
[2m      [2mat ViewerComponent.debug [as initViewer] ([22m[2msrc/app/features/viewer/viewer.component.ts[2m:207:15)[22m[2m[22m

    [2mconsole.debug[22m
      [Viewer] ancestor DIV offsetTop 0 rect.top 0 height 0
[2m[22m
[2m      [2mat Object.debug [as next] ([22m[2msrc/app/features/viewer/viewer.component.ts[2m:111:19)[22m[2m[22m

    [2mconsole.debug[22m
      [Viewer] ancestor DIV offsetTop 0 rect.top 0 height 0
[2m[22m
[2m      [2mat Object.debug [as next] ([22m[2msrc/app/features/viewer/viewer.component.ts[2m:111:19)[22m[2m[22m

    [2mconsole.debug[22m
      [Viewer] ancestor DIV offsetTop 0 rect.top 0 height 0
[2m[22m
[2m      [2mat Object.debug [as next] ([22m[2msrc/app/features/viewer/viewer.component.ts[2m:111:19)[22m[2m[22m

    [2mconsole.debug[22m
      [Viewer] ancestor BODY offsetTop 0 rect.top 0 height 0
[2m[22m
[2m      [2mat Object.debug [as next] ([22m[2msrc/app/features/viewer/viewer.component.ts[2m:111:19)[22m[2m[22m

    [2mconsole.debug[22m
      [Viewer] ancestor HTML offsetTop 0 rect.top 0 height 0
[2m[22m
[2m      [2mat Object.debug [as next] ([22m[2msrc/app/features/viewer/viewer.component.ts[2m:111:19)[22m[2m[22m

    [2mconsole.debug[22m
      [Viewer] initViewer container bounds 0 0
[2m[22m
[2m      [2mat ViewerComponent.debug [as initViewer] ([22m[2msrc/app/features/viewer/viewer.component.ts[2m:207:15)[22m[2m[22m

    [2mconsole.debug[22m
      [Viewer] ancestor DIV offsetTop 0 rect.top 0 height 0
[2m[22m
[2m      [2mat Object.debug [as next] ([22m[2msrc/app/features/viewer/viewer.component.ts[2m:111:19)[22m[2m[22m

    [2mconsole.debug[22m
      [Viewer] ancestor DIV offsetTop 0 rect.top 0 height 0
[2m[22m
[2m      [2mat Object.debug [as next] ([22m[2msrc/app/features/viewer/viewer.component.ts[2m:111:19)[22m[2m[22m

    [2mconsole.debug[22m
      [Viewer] ancestor DIV offsetTop 0 rect.top 0 height 0
[2m[22m
[2m      [2mat Object.debug [as next] ([22m[2msrc/app/features/viewer/viewer.component.ts[2m:111:19)[22m[2m[22m

    [2mconsole.debug[22m
      [Viewer] ancestor BODY offsetTop 0 rect.top 0 height 0
[2m[22m
[2m      [2mat Object.debug [as next] ([22m[2msrc/app/features/viewer/viewer.component.ts[2m:111:19)[22m[2m[22m

    [2mconsole.debug[22m
      [Viewer] ancestor HTML offsetTop 0 rect.top 0 height 0
[2m[22m
[2m      [2mat Object.debug [as next] ([22m[2msrc/app/features/viewer/viewer.component.ts[2m:111:19)[22m[2m[22m

    [2mconsole.debug[22m
      [Viewer] sidebar toggled, resizing to 0 0
[2m[22m
[2m      [2mat debug ([22m[2msrc/app/features/viewer/viewer.component.ts[2m:128:21)[22m[2m[22m

    [2mconsole.debug[22m
      [Viewer] initViewer container bounds 0 0
[2m[22m
[2m      [2mat ViewerComponent.debug [as initViewer] ([22m[2msrc/app/features/viewer/viewer.component.ts[2m:207:15)[22m[2m[22m

    [2mconsole.debug[22m
      [Viewer] ancestor DIV offsetTop 0 rect.top 0 height 0
[2m[22m
[2m      [2mat Object.debug [as next] ([22m[2msrc/app/features/viewer/viewer.component.ts[2m:111:19)[22m[2m[22m

    [2mconsole.debug[22m
      [Viewer] ancestor DIV offsetTop 0 rect.top 0 height 0
[2m[22m
[2m      [2mat Object.debug [as next] ([22m[2msrc/app/features/viewer/viewer.component.ts[2m:111:19)[22m[2m[22m

    [2mconsole.debug[22m
      [Viewer] ancestor DIV offsetTop 0 rect.top 0 height 0
[2m[22m
[2m      [2mat Object.debug [as next] ([22m[2msrc/app/features/viewer/viewer.component.ts[2m:111:19)[22m[2m[22m

    [2mconsole.debug[22m
      [Viewer] ancestor BODY offsetTop 0 rect.top 0 height 0
[2m[22m
[2m      [2mat Object.debug [as next] ([22m[2msrc/app/features/viewer/viewer.component.ts[2m:111:19)[22m[2m[22m

    [2mconsole.debug[22m
      [Viewer] ancestor HTML offsetTop 0 rect.top 0 height 0
[2m[22m
[2m      [2mat Object.debug [as next] ([22m[2msrc/app/features/viewer/viewer.component.ts[2m:111:19)[22m[2m[22m

    [2mconsole.debug[22m
      [Viewer] sidebar toggled, resizing to 0 0
[2m[22m
[2m      [2mat debug ([22m[2msrc/app/features/viewer/viewer.component.ts[2m:128:21)[22m[2m[22m

    [2mconsole.debug[22m
      [Viewer] initViewer container bounds 0 0
[2m[22m
[2m      [2mat ViewerComponent.debug [as initViewer] ([22m[2msrc/app/features/viewer/viewer.component.ts[2m:207:15)[22m[2m[22m

    [2mconsole.debug[22m
      [Viewer] ancestor DIV offsetTop 0 rect.top 0 height 0
[2m[22m
[2m      [2mat Object.debug [as next] ([22m[2msrc/app/features/viewer/viewer.component.ts[2m:111:19)[22m[2m[22m

    [2mconsole.debug[22m
      [Viewer] ancestor DIV offsetTop 0 rect.top 0 height 0
[2m[22m
[2m      [2mat Object.debug [as next] ([22m[2msrc/app/features/viewer/viewer.component.ts[2m:111:19)[22m[2m[22m

    [2mconsole.debug[22m
      [Viewer] ancestor DIV offsetTop 0 rect.top 0 height 0
[2m[22m
[2m      [2mat Object.debug [as next] ([22m[2msrc/app/features/viewer/viewer.component.ts[2m:111:19)[22m[2m[22m

    [2mconsole.debug[22m
      [Viewer] ancestor BODY offsetTop 0 rect.top 0 height 0
[2m[22m
[2m      [2mat Object.debug [as next] ([22m[2msrc/app/features/viewer/viewer.component.ts[2m:111:19)[22m[2m[22m

    [2mconsole.debug[22m
      [Viewer] ancestor HTML offsetTop 0 rect.top 0 height 0
[2m[22m
[2m      [2mat Object.debug [as next] ([22m[2msrc/app/features/viewer/viewer.component.ts[2m:111:19)[22m[2m[22m

    [2mconsole.debug[22m
      [Viewer] sidebar toggled, resizing to 0 0
[2m[22m
[2m      [2mat debug ([22m[2msrc/app/features/viewer/viewer.component.ts[2m:128:21)[22m[2m[22m

    [2mconsole.debug[22m
      [Viewer] initViewer container bounds 0 0
[2m[22m
[2m      [2mat ViewerComponent.debug [as initViewer] ([22m[2msrc/app/features/viewer/viewer.component.ts[2m:207:15)[22m[2m[22m

    [2mconsole.debug[22m
      [Viewer] ancestor DIV offsetTop 0 rect.top 0 height 0
[2m[22m
[2m      [2mat Object.debug [as next] ([22m[2msrc/app/features/viewer/viewer.component.ts[2m:111:19)[22m[2m[22m

    [2mconsole.debug[22m
      [Viewer] ancestor DIV offsetTop 0 rect.top 0 height 0
[2m[22m
[2m      [2mat Object.debug [as next] ([22m[2msrc/app/features/viewer/viewer.component.ts[2m:111:19)[22m[2m[22m

    [2mconsole.debug[22m
      [Viewer] ancestor DIV offsetTop 0 rect.top 0 height 0
[2m[22m
[2m      [2mat Object.debug [as next] ([22m[2msrc/app/features/viewer/viewer.component.ts[2m:111:19)[22m[2m[22m

    [2mconsole.debug[22m
      [Viewer] ancestor BODY offsetTop 0 rect.top 0 height 0
[2m[22m
[2m      [2mat Object.debug [as next] ([22m[2msrc/app/features/viewer/viewer.component.ts[2m:111:19)[22m[2m[22m

    [2mconsole.debug[22m
      [Viewer] ancestor HTML offsetTop 0 rect.top 0 height 0
[2m[22m
[2m      [2mat Object.debug [as next] ([22m[2msrc/app/features/viewer/viewer.component.ts[2m:111:19)[22m[2m[22m

    [2mconsole.debug[22m
      [Viewer] sidebar toggled, resizing to 0 0
[2m[22m
[2m      [2mat debug ([22m[2msrc/app/features/viewer/viewer.component.ts[2m:128:21)[22m[2m[22m

    [2mconsole.debug[22m
      [Viewer] initViewer container bounds 0 0
[2m[22m
[2m      [2mat ViewerComponent.debug [as initViewer] ([22m[2msrc/app/features/viewer/viewer.component.ts[2m:207:15)[22m[2m[22m

    [2mconsole.debug[22m
      [Viewer] ancestor DIV offsetTop 0 rect.top 0 height 0
[2m[22m
[2m      [2mat Object.debug [as next] ([22m[2msrc/app/features/viewer/viewer.component.ts[2m:111:19)[22m[2m[22m

    [2mconsole.debug[22m
      [Viewer] ancestor DIV offsetTop 0 rect.top 0 height 0
[2m[22m
[2m      [2mat Object.debug [as next] ([22m[2msrc/app/features/viewer/viewer.component.ts[2m:111:19)[22m[2m[22m

    [2mconsole.debug[22m
      [Viewer] ancestor DIV offsetTop 0 rect.top 0 height 0
[2m[22m
[2m      [2mat Object.debug [as next] ([22m[2msrc/app/features/viewer/viewer.component.ts[2m:111:19)[22m[2m[22m

    [2mconsole.debug[22m
      [Viewer] ancestor BODY offsetTop 0 rect.top 0 height 0
[2m[22m
[2m      [2mat Object.debug [as next] ([22m[2msrc/app/features/viewer/viewer.component.ts[2m:111:19)[22m[2m[22m

    [2mconsole.debug[22m
      [Viewer] ancestor HTML offsetTop 0 rect.top 0 height 0
[2m[22m
[2m      [2mat Object.debug [as next] ([22m[2msrc/app/features/viewer/viewer.component.ts[2m:111:19)[22m[2m[22m


[1mTest Suites: [22m[1m[32m12 passed[39m[22m, 12 total
[1mTests:       [22m[1m[32m24 passed[39m[22m, 24 total
[1mSnapshots:   [22m0 total
[1mTime:[22m        [1m[33m5.203 s[39m[22m
[2mRan all test suites[22m[2m.[22m

[2m> [22m[2mnx run[22m java-governance:test

[2m> [22mnode ./scripts/mvn-wrapper-runner.js -f apps/java-governance/pom.xml -T 1C test

'java' is not recognized as an internal or external command,
operable program or batch file.
Warning: command "node ./scripts/mvn-wrapper-runner.js -f apps/java-governance/pom.xml -T 1C test" exited with non-zero status code
[2m[31m[39m[22m

[7m[1m[31m NX [39m[22m[27m  [31mRunning target [1mtest[22m for 4 projects failed[39m

[2mFailed tasks:[22m

[2m-[22m java-governance:test


[7m[1m[33m NX [39m[22m[27m  [33mNx Cloud encountered some problems[39m

Invalid Credentials (Personal Access Token): The provided personal access token does not exist or is invalid. (code: 401)

 ELIFECYCLE  Command failed with exit code 1.
